#
# There is insufficient memory for the Java Runtime Environment to continue.
# Native memory allocation (malloc) failed to allocate 1026416 bytes. Error detail: Chunk::new
# Possible reasons:
#   The system is out of physical RAM or swap space
#   This process is running with CompressedOops enabled, and the Java Heap may be blocking the growth of the native heap
# Possible solutions:
#   Reduce memory load on the system
#   Increase physical memory or swap space
#   Check if swap backing store is full
#   Decrease Java heap size (-Xmx/-Xms)
#   Decrease number of Java threads
#   Decrease Java thread stack sizes (-Xss)
#   Set larger code cache with -XX:ReservedCodeCacheSize=
#   JVM is running with Zero Based Compressed Oops mode in which the Java heap is
#     placed in the first 32GB address space. The Java Heap base address is the
#     maximum limit for the native heap growth. Please use -XX:HeapBaseMinAddress
#     to set the Java Heap base and to place the Java Heap above 32GB virtual address.
# This output file may be truncated or incomplete.
#
#  Out of Memory Error (arena.cpp:191), pid=16360, tid=12060
#
# JRE version: OpenJDK Runtime Environment JBR-17.0.14+1-1367.22-nomod (17.0.14+1) (build 17.0.14+1-b1367.22)
# Java VM: OpenJDK 64-Bit Server VM JBR-17.0.14+1-1367.22-nomod (17.0.14+1-b1367.22, mixed mode, sharing, tiered, compressed oops, compressed class ptrs, g1 gc, windows-amd64)
# No core dump will be written. Minidumps are not enabled by default on client versions of Windows
#

---------------  S U M M A R Y ------------

Command Line: -Dmaven.multiModuleProjectDirectory=C:\vendredi -Djansi.passthrough=true -Dmaven.home=C:\Program Files\JetBrains\IntelliJ IDEA 2024.3.2.1\plugins\maven\lib\maven3 -Dclassworlds.conf=C:\Program Files\JetBrains\IntelliJ IDEA 2024.3.2.1\plugins\maven\lib\maven3\bin\m2.conf -Dmaven.ext.class.path=C:\Program Files\JetBrains\IntelliJ IDEA 2024.3.2.1\plugins\maven\lib\maven-event-listener.jar -javaagent:C:\Program Files\JetBrains\IntelliJ IDEA 2024.3.2.1\lib\idea_rt.jar=52285:C:\Program Files\JetBrains\IntelliJ IDEA 2024.3.2.1\bin -Dfile.encoding=UTF-8 org.codehaus.classworlds.Launcher -Didea.version=2024.3.2.1 org.openjfx:javafx-maven-plugin:0.0.8:run

Host: Intel(R) Core(TM) i7-8750H CPU @ 2.20GHz, 12 cores, 15G,  Windows 11 , 64 bit Build 22621 (10.0.22621.5262)
Time: Tue May  6 20:23:18 2025 Paris, Madrid (heure duild 22621 (10.0.22621.5262) elapsed time: 0.428435 seconds (0d 0h 0m 0s)

---------------  T H R E A D  ---------------

Current thread (0x0000020513758320):  JavaThread "C2 CompilerThread1" daemon [_thread_in_native, id=12060, stack(0x000000ca75700000,0x000000ca75800000)]


Current CompileTask:
C2:    428  737   !   4       jdk.internal.loader.URLClassPath$JarLoader::getResource (65 bytes)

Stack: [0x000000ca75700000,0x000000ca75800000]
Native frames: (J=compiled Java code, j=interpreted, Vv=VM code, C=native code)
V  [jvm.dll+0x68b969]
V  [jvm.dll+0x84572a]
V  [jvm.dll+0x8473ae]
V  [jvm.dll+0x847a13]
V  [jvm.dll+0x24a83f]
V  [jvm.dll+0xaca04]
V  [jvm.dll+0xad04c]
V  [jvm.dll+0x36af12]
V  [jvm.dll+0x3352ca]
V  [jvm.dll+0x33476a]
V  [jvm.dll+0x21c231]
V  [jvm.dll+0x21b671]
V  [jvm.dll+0x1a6acd]
V  [jvm.dll+0x22b58e]
V  [jvm.dll+0x2296d5]
V  [jvm.dll+0x7f9637]
V  [jvm.dll+0x7f3a1c]
V  [jvm.dll+0x68a7c7]
C  [ucrtbase.dll+0x29333]
C  [KERNEL32.DLL+0x1259d]
C  [ntdll.dll+0x5af58]


---------------  P R O C E S S  ---------------

Threads class SMR info:
_java_thread_list=0x000002051338e400, length=14, elements={
0x00000204b2f31660, 0x00000204d1f4e700, 0x0000020513134660, 0x0000020513145240,
0x0000020513147fd0, 0x000002051314d9b0, 0x0000020513150380, 0x0000020513151070,
0x0000020513152a40, 0x0000020513153350, 0x00000204d1f39f10, 0x0000020513369760,
0x000002051336c060, 0x0000020513758320
}

Java Threads: ( => current thread )
  0x00000204b2f31660 JavaThread "main" [_thread_in_vm, id=20872, stack(0x000000ca74300000,0x000000ca74400000)]
  0x00000204d1f4e700 JavaThread "Reference Handler" daemon [_thread_blocked, id=8656, stack(0x000000ca74a00000,0x000000ca74b00000)]
  0x0000020513134660 JavaThread "Finalizer" daemon [_thread_blocked, id=15668, stack(0x000000ca74b00000,0x000000ca74c00000)]
  0x0000020513145240 JavaThread "Signal Dispatcher" daemon [_thread_blocked, id=17820, stack(0x000000ca74c00000,0x000000ca74d00000)]
  0x0000020513147fd0 JavaThread "Attach Listener" daemon [_thread_blocked, id=19656, stack(0x000000ca74d00000,0x000000ca74e00000)]
  0x000002051314d9b0 JavaThread "Service Thread" daemon [_thread_blocked, id=12248, stack(0x000000ca74e00000,0x000000ca74f00000)]
  0x0000020513150380 JavaThread "Monitor Deflation Thread" daemon [_thread_blocked, id=4268, stack(0x000000ca74f00000,0x000000ca75000000)]
  0x0000020513151070 JavaThread "C2 CompilerThread0" daemon [_thread_blocked, id=18672, stack(0x000000ca75000000,0x000000ca75100000)]
  0x0000020513152a40 JavaThread "C1 CompilerThread0" daemon [_thread_blocked, id=22620, stack(0x000000ca75100000,0x000000ca75200000)]
  0x0000020513153350 JavaThread "Sweeper thread" daemon [_thread_blocked, id=22412, stack(0x000000ca75200000,0x000000ca75300000)]
  0x00000204d1f39f10 JavaThread "Common-Cleaner" daemon [_thread_blocked, id=6972, stack(0x000000ca75300000,0x000000ca75400000)]
  0x0000020513369760 JavaThread "Monitor Ctrl-Break" daemon [_thread_in_native, id=3084, stack(0x000000ca75400000,0x000000ca75500000)]
  0x000002051336c060 JavaThread "Notification Thread" daemon [_thread_blocked, id=12356, stack(0x000000ca75500000,0x000000ca75600000)]
=>0x0000020513758320 JavaThread "C2 CompilerThread1" daemon [_thread_in_native, id=12060, stack(0x000000ca75700000,0x000000ca75800000)]

Other Threads:
  0x00000204d1f4c080 VMThread "VM Thread" [stack: 0x000000ca74900000,0x000000ca74a00000] [id=17772]
  0x000002051331be20 WatcherThread [stack: 0x000000ca75600000,0x000000ca75700000] [id=324]
  0x00000204b2f9d250 GCTaskThread "GC Thread#0" [stack: 0x000000ca74400000,0x000000ca74500000] [id=18712]
  0x00000204b2fade70 ConcurrentGCThread "G1 Main Marker" [stack: 0x000000ca74500000,0x000000ca74600000] [id=13348]
  0x00000204b2faf100 ConcurrentGCThread "G1 Conc#0" [stack: 0x000000ca74600000,0x000000ca74700000] [id=23328]
  0x00000204d1e03e20 ConcurrentGCThread "G1 Refine#0" [stack: 0x000000ca74700000,0x000000ca74800000] [id=7096]
  0x00000204d1e05860 ConcurrentGCThread "G1 Service" [stack: 0x000000ca74800000,0x000000ca74900000] [id=23212]

Threads with active compile tasks:
C2 CompilerThread1      536  737   !   4       jdk.internal.loader.URLClassPath$JarLoader::getResource (65 bytes)

VM state: not at safepoint (normal execution)

VM Mutex/Monitor currently owned by a thread:  ([mutex/lock_event])
[0x00000204b2f2bf90] Metaspace_lock - owner thread: 0x00000204b2f31660

Heap address: 0x0000000703200000, size: 4046 MB, Compressed Oops mode: Zero based, Oop shift amount: 3

CDS archive(s) mapped at: [0x00000204d2000000-0x00000204d2c00000-0x00000204d2c00000), size 12582912, SharedBaseAddress: 0x00000204d2000000, ArchiveRelocationMode: 1.
Compressed class space mapped at: 0x00000204d3000000-0x0000020513000000, reserved size: 1073741824
Narrow klass base: 0x00000204d2000000, Narrow klass shift: 0, Narrow klass range: 0x100000000

GC Precious Log:
 CPUs: 12 total, 12 available
 Memory: 16178M
 Large Page Support: Disabled
 NUMA Support: Disabled
 Compressed Oops: Enabled (Zero based)
 Heap Region Size: 2M
 Heap Min Capacity: 8M
 Heap Initial Capacity: 254M
 Heap Max Capacity: 4046M
 Pre-touch: Disabled
 Parallel Workers: 10
 Concurrent Workers: 3
 Concurrent Refinement Workers: 10
 Periodic GC: Disabled

Heap:
 garbage-first heap   total 260096K, used 16384K [0x0000000703200000, 0x0000000800000000)
  region size 2048K, 9 young (18432K), 0 survivors (0K)
 Metaspace       used 4922K, committed 5120K, reserved 1114112K
  class space    used 581K, committed 704K, reserved 1048576K

Heap Regions: E=young(eden), S=young(survivor), O=old, HS=humongous(starts), HC=humongous(continues), CS=collection set, F=free, OA=open archive, CA=closed archive, TAMS=top-at-mark-start (previous, next)
|   0|0x0000000703200000, 0x0000000703200000, 0x0000000703400000|  0%| F|  |TAMS 0x0000000703200000, 0x0000000703200000| Untracked 
|   1|0x0000000703400000, 0x0000000703400000, 0x0000000703600000|  0%| F|  |TAMS 0x0000000703400000, 0x0000000703400000| Untracked 
|   2|0x0000000703600000, 0x0000000703600000, 0x0000000703800000|  0%| F|  |TAMS 0x0000000703600000, 0x0000000703600000| Untracked 
|   3|0x0000000703800000, 0x0000000703800000, 0x0000000703a00000|  0%| F|  |TAMS 0x0000000703800000, 0x0000000703800000| Untracked 
|   4|0x0000000703a00000, 0x0000000703a00000, 0x0000000703c00000|  0%| F|  |TAMS 0x0000000703a00000, 0x0000000703a00000| Untracked 
|   5|0x0000000703c00000, 0x0000000703c00000, 0x0000000703e00000|  0%| F|  |TAMS 0x0000000703c00000, 0x0000000703c00000| Untracked 
|   6|0x0000000703e00000, 0x0000000703e00000, 0x0000000704000000|  0%| F|  |TAMS 0x0000000703e00000, 0x0000000703e00000| Untracked 
|   7|0x0000000704000000, 0x0000000704000000, 0x0000000704200000|  0%| F|  |TAMS 0x0000000704000000, 0x0000000704000000| Untracked 
|   8|0x0000000704200000, 0x0000000704200000, 0x0000000704400000|  0%| F|  |TAMS 0x0000000704200000, 0x0000000704200000| Untracked 
|   9|0x0000000704400000, 0x0000000704400000, 0x0000000704600000|  0%| F|  |TAMS 0x0000000704400000, 0x0000000704400000| Untracked 
|  10|0x0000000704600000, 0x0000000704600000, 0x0000000704800000|  0%| F|  |TAMS 0x0000000704600000, 0x0000000704600000| Untracked 
|  11|0x0000000704800000, 0x0000000704800000, 0x0000000704a00000|  0%| F|  |TAMS 0x0000000704800000, 0x0000000704800000| Untracked 
|  12|0x0000000704a00000, 0x0000000704a00000, 0x0000000704c00000|  0%| F|  |TAMS 0x0000000704a00000, 0x0000000704a00000| Untracked 
|  13|0x0000000704c00000, 0x0000000704c00000, 0x0000000704e00000|  0%| F|  |TAMS 0x0000000704c00000, 0x0000000704c00000| Untracked 
|  14|0x0000000704e00000, 0x0000000704e00000, 0x0000000705000000|  0%| F|  |TAMS 0x0000000704e00000, 0x0000000704e00000| Untracked 
|  15|0x0000000705000000, 0x0000000705000000, 0x0000000705200000|  0%| F|  |TAMS 0x0000000705000000, 0x0000000705000000| Untracked 
|  16|0x0000000705200000, 0x0000000705200000, 0x0000000705400000|  0%| F|  |TAMS 0x0000000705200000, 0x0000000705200000| Untracked 
|  17|0x0000000705400000, 0x0000000705400000, 0x0000000705600000|  0%| F|  |TAMS 0x0000000705400000, 0x0000000705400000| Untracked 
|  18|0x0000000705600000, 0x0000000705600000, 0x0000000705800000|  0%| F|  |TAMS 0x0000000705600000, 0x0000000705600000| Untracked 
|  19|0x0000000705800000, 0x0000000705800000, 0x0000000705a00000|  0%| F|  |TAMS 0x0000000705800000, 0x0000000705800000| Untracked 
|  20|0x0000000705a00000, 0x0000000705a00000, 0x0000000705c00000|  0%| F|  |TAMS 0x0000000705a00000, 0x0000000705a00000| Untracked 
|  21|0x0000000705c00000, 0x0000000705c00000, 0x0000000705e00000|  0%| F|  |TAMS 0x0000000705c00000, 0x0000000705c00000| Untracked 
|  22|0x0000000705e00000, 0x0000000705e00000, 0x0000000706000000|  0%| F|  |TAMS 0x0000000705e00000, 0x0000000705e00000| Untracked 
|  23|0x0000000706000000, 0x0000000706000000, 0x0000000706200000|  0%| F|  |TAMS 0x0000000706000000, 0x0000000706000000| Untracked 
|  24|0x0000000706200000, 0x0000000706200000, 0x0000000706400000|  0%| F|  |TAMS 0x0000000706200000, 0x0000000706200000| Untracked 
|  25|0x0000000706400000, 0x0000000706400000, 0x0000000706600000|  0%| F|  |TAMS 0x0000000706400000, 0x0000000706400000| Untracked 
|  26|0x0000000706600000, 0x0000000706600000, 0x0000000706800000|  0%| F|  |TAMS 0x0000000706600000, 0x0000000706600000| Untracked 
|  27|0x0000000706800000, 0x0000000706800000, 0x0000000706a00000|  0%| F|  |TAMS 0x0000000706800000, 0x0000000706800000| Untracked 
|  28|0x0000000706a00000, 0x0000000706a00000, 0x0000000706c00000|  0%| F|  |TAMS 0x0000000706a00000, 0x0000000706a00000| Untracked 
|  29|0x0000000706c00000, 0x0000000706c00000, 0x0000000706e00000|  0%| F|  |TAMS 0x0000000706c00000, 0x0000000706c00000| Untracked 
|  30|0x0000000706e00000, 0x0000000706e00000, 0x0000000707000000|  0%| F|  |TAMS 0x0000000706e00000, 0x0000000706e00000| Untracked 
|  31|0x0000000707000000, 0x0000000707000000, 0x0000000707200000|  0%| F|  |TAMS 0x0000000707000000, 0x0000000707000000| Untracked 
|  32|0x0000000707200000, 0x0000000707200000, 0x0000000707400000|  0%| F|  |TAMS 0x0000000707200000, 0x0000000707200000| Untracked 
|  33|0x0000000707400000, 0x0000000707400000, 0x0000000707600000|  0%| F|  |TAMS 0x0000000707400000, 0x0000000707400000| Untracked 
|  34|0x0000000707600000, 0x0000000707600000, 0x0000000707800000|  0%| F|  |TAMS 0x0000000707600000, 0x0000000707600000| Untracked 
|  35|0x0000000707800000, 0x0000000707800000, 0x0000000707a00000|  0%| F|  |TAMS 0x0000000707800000, 0x0000000707800000| Untracked 
|  36|0x0000000707a00000, 0x0000000707a00000, 0x0000000707c00000|  0%| F|  |TAMS 0x0000000707a00000, 0x0000000707a00000| Untracked 
|  37|0x0000000707c00000, 0x0000000707c00000, 0x0000000707e00000|  0%| F|  |TAMS 0x0000000707c00000, 0x0000000707c00000| Untracked 
|  38|0x0000000707e00000, 0x0000000707e00000, 0x0000000708000000|  0%| F|  |TAMS 0x0000000707e00000, 0x0000000707e00000| Untracked 
|  39|0x0000000708000000, 0x0000000708000000, 0x0000000708200000|  0%| F|  |TAMS 0x0000000708000000, 0x0000000708000000| Untracked 
|  40|0x0000000708200000, 0x0000000708200000, 0x0000000708400000|  0%| F|  |TAMS 0x0000000708200000, 0x0000000708200000| Untracked 
|  41|0x0000000708400000, 0x0000000708400000, 0x0000000708600000|  0%| F|  |TAMS 0x0000000708400000, 0x0000000708400000| Untracked 
|  42|0x0000000708600000, 0x0000000708600000, 0x0000000708800000|  0%| F|  |TAMS 0x0000000708600000, 0x0000000708600000| Untracked 
|  43|0x0000000708800000, 0x0000000708800000, 0x0000000708a00000|  0%| F|  |TAMS 0x0000000708800000, 0x0000000708800000| Untracked 
|  44|0x0000000708a00000, 0x0000000708a00000, 0x0000000708c00000|  0%| F|  |TAMS 0x0000000708a00000, 0x0000000708a00000| Untracked 
|  45|0x0000000708c00000, 0x0000000708c00000, 0x0000000708e00000|  0%| F|  |TAMS 0x0000000708c00000, 0x0000000708c00000| Untracked 
|  46|0x0000000708e00000, 0x0000000708e00000, 0x0000000709000000|  0%| F|  |TAMS 0x0000000708e00000, 0x0000000708e00000| Untracked 
|  47|0x0000000709000000, 0x0000000709000000, 0x0000000709200000|  0%| F|  |TAMS 0x0000000709000000, 0x0000000709000000| Untracked 
|  48|0x0000000709200000, 0x0000000709200000, 0x0000000709400000|  0%| F|  |TAMS 0x0000000709200000, 0x0000000709200000| Untracked 
|  49|0x0000000709400000, 0x0000000709400000, 0x0000000709600000|  0%| F|  |TAMS 0x0000000709400000, 0x0000000709400000| Untracked 
|  50|0x0000000709600000, 0x0000000709600000, 0x0000000709800000|  0%| F|  |TAMS 0x0000000709600000, 0x0000000709600000| Untracked 
|  51|0x0000000709800000, 0x0000000709800000, 0x0000000709a00000|  0%| F|  |TAMS 0x0000000709800000, 0x0000000709800000| Untracked 
|  52|0x0000000709a00000, 0x0000000709a00000, 0x0000000709c00000|  0%| F|  |TAMS 0x0000000709a00000, 0x0000000709a00000| Untracked 
|  53|0x0000000709c00000, 0x0000000709c00000, 0x0000000709e00000|  0%| F|  |TAMS 0x0000000709c00000, 0x0000000709c00000| Untracked 
|  54|0x0000000709e00000, 0x0000000709e00000, 0x000000070a000000|  0%| F|  |TAMS 0x0000000709e00000, 0x0000000709e00000| Untracked 
|  55|0x000000070a000000, 0x000000070a000000, 0x000000070a200000|  0%| F|  |TAMS 0x000000070a000000, 0x000000070a000000| Untracked 
|  56|0x000000070a200000, 0x000000070a200000, 0x000000070a400000|  0%| F|  |TAMS 0x000000070a200000, 0x000000070a200000| Untracked 
|  57|0x000000070a400000, 0x000000070a400000, 0x000000070a600000|  0%| F|  |TAMS 0x000000070a400000, 0x000000070a400000| Untracked 
|  58|0x000000070a600000, 0x000000070a600000, 0x000000070a800000|  0%| F|  |TAMS 0x000000070a600000, 0x000000070a600000| Untracked 
|  59|0x000000070a800000, 0x000000070a800000, 0x000000070aa00000|  0%| F|  |TAMS 0x000000070a800000, 0x000000070a800000| Untracked 
|  60|0x000000070aa00000, 0x000000070aa00000, 0x000000070ac00000|  0%| F|  |TAMS 0x000000070aa00000, 0x000000070aa00000| Untracked 
|  61|0x000000070ac00000, 0x000000070ac00000, 0x000000070ae00000|  0%| F|  |TAMS 0x000000070ac00000, 0x000000070ac00000| Untracked 
|  62|0x000000070ae00000, 0x000000070ae00000, 0x000000070b000000|  0%| F|  |TAMS 0x000000070ae00000, 0x000000070ae00000| Untracked 
|  63|0x000000070b000000, 0x000000070b000000, 0x000000070b200000|  0%| F|  |TAMS 0x000000070b000000, 0x000000070b000000| Untracked 
|  64|0x000000070b200000, 0x000000070b200000, 0x000000070b400000|  0%| F|  |TAMS 0x000000070b200000, 0x000000070b200000| Untracked 
|  65|0x000000070b400000, 0x000000070b400000, 0x000000070b600000|  0%| F|  |TAMS 0x000000070b400000, 0x000000070b400000| Untracked 
|  66|0x000000070b600000, 0x000000070b600000, 0x000000070b800000|  0%| F|  |TAMS 0x000000070b600000, 0x000000070b600000| Untracked 
|  67|0x000000070b800000, 0x000000070b800000, 0x000000070ba00000|  0%| F|  |TAMS 0x000000070b800000, 0x000000070b800000| Untracked 
|  68|0x000000070ba00000, 0x000000070ba00000, 0x000000070bc00000|  0%| F|  |TAMS 0x000000070ba00000, 0x000000070ba00000| Untracked 
|  69|0x000000070bc00000, 0x000000070bc00000, 0x000000070be00000|  0%| F|  |TAMS 0x000000070bc00000, 0x000000070bc00000| Untracked 
|  70|0x000000070be00000, 0x000000070be00000, 0x000000070c000000|  0%| F|  |TAMS 0x000000070be00000, 0x000000070be00000| Untracked 
|  71|0x000000070c000000, 0x000000070c000000, 0x000000070c200000|  0%| F|  |TAMS 0x000000070c000000, 0x000000070c000000| Untracked 
|  72|0x000000070c200000, 0x000000070c200000, 0x000000070c400000|  0%| F|  |TAMS 0x000000070c200000, 0x000000070c200000| Untracked 
|  73|0x000000070c400000, 0x000000070c400000, 0x000000070c600000|  0%| F|  |TAMS 0x000000070c400000, 0x000000070c400000| Untracked 
|  74|0x000000070c600000, 0x000000070c600000, 0x000000070c800000|  0%| F|  |TAMS 0x000000070c600000, 0x000000070c600000| Untracked 
|  75|0x000000070c800000, 0x000000070c800000, 0x000000070ca00000|  0%| F|  |TAMS 0x000000070c800000, 0x000000070c800000| Untracked 
|  76|0x000000070ca00000, 0x000000070ca00000, 0x000000070cc00000|  0%| F|  |TAMS 0x000000070ca00000, 0x000000070ca00000| Untracked 
|  77|0x000000070cc00000, 0x000000070cc00000, 0x000000070ce00000|  0%| F|  |TAMS 0x000000070cc00000, 0x000000070cc00000| Untracked 
|  78|0x000000070ce00000, 0x000000070ce00000, 0x000000070d000000|  0%| F|  |TAMS 0x000000070ce00000, 0x000000070ce00000| Untracked 
|  79|0x000000070d000000, 0x000000070d000000, 0x000000070d200000|  0%| F|  |TAMS 0x000000070d000000, 0x000000070d000000| Untracked 
|  80|0x000000070d200000, 0x000000070d200000, 0x000000070d400000|  0%| F|  |TAMS 0x000000070d200000, 0x000000070d200000| Untracked 
|  81|0x000000070d400000, 0x000000070d400000, 0x000000070d600000|  0%| F|  |TAMS 0x000000070d400000, 0x000000070d400000| Untracked 
|  82|0x000000070d600000, 0x000000070d600000, 0x000000070d800000|  0%| F|  |TAMS 0x000000070d600000, 0x000000070d600000| Untracked 
|  83|0x000000070d800000, 0x000000070d800000, 0x000000070da00000|  0%| F|  |TAMS 0x000000070d800000, 0x000000070d800000| Untracked 
|  84|0x000000070da00000, 0x000000070da00000, 0x000000070dc00000|  0%| F|  |TAMS 0x000000070da00000, 0x000000070da00000| Untracked 
|  85|0x000000070dc00000, 0x000000070dc00000, 0x000000070de00000|  0%| F|  |TAMS 0x000000070dc00000, 0x000000070dc00000| Untracked 
|  86|0x000000070de00000, 0x000000070de00000, 0x000000070e000000|  0%| F|  |TAMS 0x000000070de00000, 0x000000070de00000| Untracked 
|  87|0x000000070e000000, 0x000000070e000000, 0x000000070e200000|  0%| F|  |TAMS 0x000000070e000000, 0x000000070e000000| Untracked 
|  88|0x000000070e200000, 0x000000070e200000, 0x000000070e400000|  0%| F|  |TAMS 0x000000070e200000, 0x000000070e200000| Untracked 
|  89|0x000000070e400000, 0x000000070e400000, 0x000000070e600000|  0%| F|  |TAMS 0x000000070e400000, 0x000000070e400000| Untracked 
|  90|0x000000070e600000, 0x000000070e600000, 0x000000070e800000|  0%| F|  |TAMS 0x000000070e600000, 0x000000070e600000| Untracked 
|  91|0x000000070e800000, 0x000000070e800000, 0x000000070ea00000|  0%| F|  |TAMS 0x000000070e800000, 0x000000070e800000| Untracked 
|  92|0x000000070ea00000, 0x000000070ea00000, 0x000000070ec00000|  0%| F|  |TAMS 0x000000070ea00000, 0x000000070ea00000| Untracked 
|  93|0x000000070ec00000, 0x000000070ec00000, 0x000000070ee00000|  0%| F|  |TAMS 0x000000070ec00000, 0x000000070ec00000| Untracked 
|  94|0x000000070ee00000, 0x000000070ee00000, 0x000000070f000000|  0%| F|  |TAMS 0x000000070ee00000, 0x000000070ee00000| Untracked 
|  95|0x000000070f000000, 0x000000070f000000, 0x000000070f200000|  0%| F|  |TAMS 0x000000070f000000, 0x000000070f000000| Untracked 
|  96|0x000000070f200000, 0x000000070f200000, 0x000000070f400000|  0%| F|  |TAMS 0x000000070f200000, 0x000000070f200000| Untracked 
|  97|0x000000070f400000, 0x000000070f400000, 0x000000070f600000|  0%| F|  |TAMS 0x000000070f400000, 0x000000070f400000| Untracked 
|  98|0x000000070f600000, 0x000000070f600000, 0x000000070f800000|  0%| F|  |TAMS 0x000000070f600000, 0x000000070f600000| Untracked 
|  99|0x000000070f800000, 0x000000070f800000, 0x000000070fa00000|  0%| F|  |TAMS 0x000000070f800000, 0x000000070f800000| Untracked 
| 100|0x000000070fa00000, 0x000000070fa00000, 0x000000070fc00000|  0%| F|  |TAMS 0x000000070fa00000, 0x000000070fa00000| Untracked 
| 101|0x000000070fc00000, 0x000000070fc00000, 0x000000070fe00000|  0%| F|  |TAMS 0x000000070fc00000, 0x000000070fc00000| Untracked 
| 102|0x000000070fe00000, 0x000000070fe00000, 0x0000000710000000|  0%| F|  |TAMS 0x000000070fe00000, 0x000000070fe00000| Untracked 
| 103|0x0000000710000000, 0x0000000710000000, 0x0000000710200000|  0%| F|  |TAMS 0x0000000710000000, 0x0000000710000000| Untracked 
| 104|0x0000000710200000, 0x0000000710200000, 0x0000000710400000|  0%| F|  |TAMS 0x0000000710200000, 0x0000000710200000| Untracked 
| 105|0x0000000710400000, 0x0000000710400000, 0x0000000710600000|  0%| F|  |TAMS 0x0000000710400000, 0x0000000710400000| Untracked 
| 106|0x0000000710600000, 0x0000000710600000, 0x0000000710800000|  0%| F|  |TAMS 0x0000000710600000, 0x0000000710600000| Untracked 
| 107|0x0000000710800000, 0x0000000710800000, 0x0000000710a00000|  0%| F|  |TAMS 0x0000000710800000, 0x0000000710800000| Untracked 
| 108|0x0000000710a00000, 0x0000000710a00000, 0x0000000710c00000|  0%| F|  |TAMS 0x0000000710a00000, 0x0000000710a00000| Untracked 
| 109|0x0000000710c00000, 0x0000000710c00000, 0x0000000710e00000|  0%| F|  |TAMS 0x0000000710c00000, 0x0000000710c00000| Untracked 
| 110|0x0000000710e00000, 0x0000000710e00000, 0x0000000711000000|  0%| F|  |TAMS 0x0000000710e00000, 0x0000000710e00000| Untracked 
| 111|0x0000000711000000, 0x0000000711000000, 0x0000000711200000|  0%| F|  |TAMS 0x0000000711000000, 0x0000000711000000| Untracked 
| 112|0x0000000711200000, 0x0000000711200000, 0x0000000711400000|  0%| F|  |TAMS 0x0000000711200000, 0x0000000711200000| Untracked 
| 113|0x0000000711400000, 0x0000000711400000, 0x0000000711600000|  0%| F|  |TAMS 0x0000000711400000, 0x0000000711400000| Untracked 
| 114|0x0000000711600000, 0x0000000711600000, 0x0000000711800000|  0%| F|  |TAMS 0x0000000711600000, 0x0000000711600000| Untracked 
| 115|0x0000000711800000, 0x0000000711800000, 0x0000000711a00000|  0%| F|  |TAMS 0x0000000711800000, 0x0000000711800000| Untracked 
| 116|0x0000000711a00000, 0x0000000711a00000, 0x0000000711c00000|  0%| F|  |TAMS 0x0000000711a00000, 0x0000000711a00000| Untracked 
| 117|0x0000000711c00000, 0x0000000711c00000, 0x0000000711e00000|  0%| F|  |TAMS 0x0000000711c00000, 0x0000000711c00000| Untracked 
| 118|0x0000000711e00000, 0x0000000711f53728, 0x0000000712000000| 66%| E|  |TAMS 0x0000000711e00000, 0x0000000711e00000| Complete 
| 119|0x0000000712000000, 0x0000000712200000, 0x0000000712200000|100%| E|CS|TAMS 0x0000000712000000, 0x0000000712000000| Complete 
| 120|0x0000000712200000, 0x0000000712400000, 0x0000000712400000|100%| E|CS|TAMS 0x0000000712200000, 0x0000000712200000| Complete 
| 121|0x0000000712400000, 0x0000000712600000, 0x0000000712600000|100%| E|CS|TAMS 0x0000000712400000, 0x0000000712400000| Complete 
| 122|0x0000000712600000, 0x0000000712800000, 0x0000000712800000|100%| E|CS|TAMS 0x0000000712600000, 0x0000000712600000| Complete 
| 123|0x0000000712800000, 0x0000000712a00000, 0x0000000712a00000|100%| E|CS|TAMS 0x0000000712800000, 0x0000000712800000| Complete 
| 124|0x0000000712a00000, 0x0000000712c00000, 0x0000000712c00000|100%| E|CS|TAMS 0x0000000712a00000, 0x0000000712a00000| Complete 
| 125|0x0000000712c00000, 0x0000000712e00000, 0x0000000712e00000|100%| E|CS|TAMS 0x0000000712c00000, 0x0000000712c00000| Complete 
| 126|0x0000000712e00000, 0x0000000713000000, 0x0000000713000000|100%| E|CS|TAMS 0x0000000712e00000, 0x0000000712e00000| Complete 

Card table byte_map: [0x00000204c6450000,0x00000204c6c40000] _byte_map_base: 0x00000204c2c37000

Marking Bits (Prev, Next): (CMBitMap*) 0x00000204b2f9d870, (CMBitMap*) 0x00000204b2f9d8b0
 Prev Bits: [0x00000204c7430000, 0x00000204cb368000)
 Next Bits: [0x00000204cb370000, 0x00000204cf2a8000)

Polling page: 0x00000204b0ee0000

Metaspace:

Usage:
  Non-class:      4.24 MB used.
      Class:    581.03 KB used.
       Both:      4.81 MB used.

Virtual space:
  Non-class space:       64.00 MB reserved,       4.31 MB (  7%) committed,  1 nodes.
      Class space:        1.00 GB reserved,     704.00 KB ( <1%) committed,  1 nodes.
             Both:        1.06 GB reserved,       5.00 MB ( <1%) committed. 

Chunk freelists:
   Non-Class:  9.67 MB
       Class:  15.37 MB
        Both:  25.04 MB

MaxMetaspaceSize: unlimited
CompressedClassSpaceSize: 1.00 GB
Initial GC threshold: 21.00 MB
Current GC threshold: 21.00 MB
CDS: on
MetaspaceReclaimPolicy: balanced
 - commit_granule_bytes: 65536.
 - commit_granule_words: 8192.
 - virtual_space_node_default_size: 8388608.
 - enlarge_chunks_in_place: 1.
 - new_chunks_are_fully_committed: 0.
 - uncommit_free_chunks: 1.
 - use_allocation_guard: 0.
 - handle_deallocations: 1.


Internal statistics:

num_allocs_failed_limit: 0.
num_arena_births: 36.
num_arena_deaths: 0.
num_vsnodes_births: 2.
num_vsnodes_deaths: 0.
num_space_committed: 80.
num_space_uncommitted: 0.
num_chunks_returned_to_freelist: 0.
num_chunks_taken_from_freelist: 173.
num_chunk_merges: 0.
num_chunk_splits: 109.
num_chunks_enlarged: 88.
num_inconsistent_stats: 0.

CodeHeap 'non-profiled nmethods': size=120000Kb used=312Kb max_used=312Kb free=119687Kb
 bounds [0x00000204be1e0000, 0x00000204be450000, 0x00000204c5710000]
CodeHeap 'profiled nmethods': size=120000Kb used=1618Kb max_used=1618Kb free=118381Kb
 bounds [0x00000204b6710000, 0x00000204b6980000, 0x00000204bdc40000]
CodeHeap 'non-nmethods': size=5760Kb used=1157Kb max_used=1180Kb free=4602Kb
 bounds [0x00000204bdc40000, 0x00000204bdeb0000, 0x00000204be1e0000]
 total_blobs=1332 nmethods=883 adapters=362
 compilation: enabled
              stopped_count=0, restarted_count=0
 full_count=0

Compilation events (20 events):
Event: 0.418 Thread 0x0000020513152a40  816       3       java.util.ArrayDeque::addLast (51 bytes)
Event: 0.418 Thread 0x0000020513152a40 nmethod 816 0x00000204b687ef10 code [0x00000204b687f0e0, 0x00000204b687f5b8]
Event: 0.418 Thread 0x0000020513152a40  817       3       java.util.zip.InflaterInputStream::<init> (79 bytes)
Event: 0.418 Thread 0x0000020513152a40 nmethod 817 0x00000204b687f790 code [0x00000204b687f980, 0x00000204b68801d8]
Event: 0.418 Thread 0x0000020513152a40  818       3       java.util.zip.ZipFile$InflaterCleanupAction::<init> (15 bytes)
Event: 0.418 Thread 0x0000020513152a40 nmethod 818 0x00000204b6880410 code [0x00000204b68805c0, 0x00000204b68807f8]
Event: 0.418 Thread 0x0000020513152a40  819       3       java.util.zip.ZipFile$ZipFileInflaterInputStream::fill (80 bytes)
Event: 0.418 Thread 0x0000020513152a40 nmethod 819 0x00000204b6880890 code [0x00000204b6880a60, 0x00000204b6880e48]
Event: 0.418 Thread 0x0000020513152a40  820       3       java.util.zip.ZipFile$InflaterCleanupAction::run (12 bytes)
Event: 0.418 Thread 0x0000020513152a40 nmethod 820 0x00000204b6881010 code [0x00000204b68811c0, 0x00000204b6881328]
Event: 0.419 Thread 0x0000020513152a40  821   !   3       java.util.zip.ZipFile$CleanableResource::releaseInflater (53 bytes)
Event: 0.419 Thread 0x0000020513152a40 nmethod 821 0x00000204b6881410 code [0x00000204b68815e0, 0x00000204b6881a08]
Event: 0.419 Thread 0x0000020513152a40  822   !   3       java.util.zip.ZipFile$CleanableResource::getInflater (47 bytes)
Event: 0.419 Thread 0x0000020513152a40 nmethod 822 0x00000204b6881c10 code [0x00000204b6881de0, 0x00000204b68822d8]
Event: 0.419 Thread 0x0000020513152a40  823       3       java.util.zip.ZipFile$ZipFileInflaterInputStream::<init> (41 bytes)
Event: 0.419 Thread 0x0000020513152a40 nmethod 823 0x00000204b6882490 code [0x00000204b6882660, 0x00000204b6882b38]
Event: 0.422 Thread 0x0000020513152a40  824  s    3       jdk.internal.perf.PerfCounter::add (18 bytes)
Event: 0.422 Thread 0x0000020513152a40 nmethod 824 0x00000204b6882d10 code [0x00000204b6882ee0, 0x00000204b6883278]
Event: 0.424 Thread 0x0000020513152a40  825   !   3       java.util.zip.ZipFile$Source::readAt (39 bytes)
Event: 0.424 Thread 0x0000020513152a40 nmethod 825 0x00000204b6883490 code [0x00000204b6883680, 0x00000204b6883b08]

GC Heap History (0 events):
No events

Dll operation events (4 events):
Event: 0.008 Loaded shared library C:\Users\Chirine Bouzouita\.jdks\jbr-17.0.14\bin\java.dll
Event: 0.032 Loaded shared library C:\Users\Chirine Bouzouita\.jdks\jbr-17.0.14\bin\jsvml.dll
Event: 0.069 Loaded shared library C:\Users\Chirine Bouzouita\.jdks\jbr-17.0.14\bin\zip.dll
Event: 0.292 Loaded shared library C:\Users\Chirine Bouzouita\.jdks\jbr-17.0.14\bin\verify.dll

Deoptimization events (20 events):
Event: 0.356 Thread 0x00000204b2f31660 Uncommon trap: trap_request=0xffffff45 fr.pc=0x00000204be20749c relative=0x000000000000009c
Event: 0.356 Thread 0x00000204b2f31660 Uncommon trap: reason=unstable_if action=reinterpret pc=0x00000204be20749c method=jdk.internal.misc.Unsafe.getLongUnaligned(Ljava/lang/Object;J)J @ 7 c2
Event: 0.356 Thread 0x00000204b2f31660 DEOPT PACKING pc=0x00000204be20749c sp=0x000000ca743fc5b0
Event: 0.356 Thread 0x00000204b2f31660 DEOPT UNPACKING pc=0x00000204bdc969a3 sp=0x000000ca743fc560 mode 2
Event: 0.370 Thread 0x00000204b2f31660 Uncommon trap: trap_request=0xffffff45 fr.pc=0x00000204be1f6b88 relative=0x0000000000000468
Event: 0.370 Thread 0x00000204b2f31660 Uncommon trap: reason=unstable_if action=reinterpret pc=0x00000204be1f6b88 method=java.lang.StringLatin1.canEncode(I)Z @ 4 c2
Event: 0.370 Thread 0x00000204b2f31660 DEOPT PACKING pc=0x00000204be1f6b88 sp=0x000000ca743fdc50
Event: 0.371 Thread 0x00000204b2f31660 DEOPT UNPACKING pc=0x00000204bdc969a3 sp=0x000000ca743fdb78 mode 2
Event: 0.371 Thread 0x00000204b2f31660 Uncommon trap: trap_request=0xffffff45 fr.pc=0x00000204be1f8a6c relative=0x000000000000044c
Event: 0.371 Thread 0x00000204b2f31660 Uncommon trap: reason=unstable_if action=reinterpret pc=0x00000204be1f8a6c method=java.lang.AbstractStringBuilder.isLatin1()Z @ 10 c2
Event: 0.371 Thread 0x00000204b2f31660 DEOPT PACKING pc=0x00000204be1f8a6c sp=0x000000ca743fdc60
Event: 0.371 Thread 0x00000204b2f31660 DEOPT UNPACKING pc=0x00000204bdc969a3 sp=0x000000ca743fdbe0 mode 2
Event: 0.371 Thread 0x00000204b2f31660 Uncommon trap: trap_request=0xffffff45 fr.pc=0x00000204be20b4dc relative=0x000000000000005c
Event: 0.371 Thread 0x00000204b2f31660 Uncommon trap: reason=unstable_if action=reinterpret pc=0x00000204be20b4dc method=java.lang.AbstractStringBuilder.isLatin1()Z @ 10 c2
Event: 0.371 Thread 0x00000204b2f31660 DEOPT PACKING pc=0x00000204be20b4dc sp=0x000000ca743fdc40
Event: 0.371 Thread 0x00000204b2f31660 DEOPT UNPACKING pc=0x00000204bdc969a3 sp=0x000000ca743fdbd0 mode 2
Event: 0.373 Thread 0x00000204b2f31660 Uncommon trap: trap_request=0xffffff45 fr.pc=0x00000204be1f56b8 relative=0x0000000000000038
Event: 0.373 Thread 0x00000204b2f31660 Uncommon trap: reason=unstable_if action=reinterpret pc=0x00000204be1f56b8 method=java.lang.StringLatin1.canEncode(I)Z @ 4 c2
Event: 0.373 Thread 0x00000204b2f31660 DEOPT PACKING pc=0x00000204be1f56b8 sp=0x000000ca743fdbe0
Event: 0.373 Thread 0x00000204b2f31660 DEOPT UNPACKING pc=0x00000204bdc969a3 sp=0x000000ca743fdb70 mode 2

Classes loaded (20 events):
Event: 0.356 Loading class jdk/internal/jimage/decompressor/ResourceDecompressor done
Event: 0.356 Loading class jdk/internal/jimage/decompressor/ZipDecompressor done
Event: 0.356 Loading class sun/net/www/protocol/jrt/Handler
Event: 0.356 Loading class sun/net/www/protocol/jrt/Handler done
Event: 0.370 Loading class sun/text/resources/cldr/FormatData_en
Event: 0.370 Loading class sun/text/resources/cldr/FormatData_en done
Event: 0.370 Loading class sun/text/resources/cldr/FormatData_en_US
Event: 0.370 Loading class sun/text/resources/cldr/FormatData_en_US done
Event: 0.391 Loading class java/io/FilterReader
Event: 0.391 Loading class java/io/FilterReader done
Event: 0.401 Loading class java/util/concurrent/TimeUnit$1
Event: 0.401 Loading class java/util/concurrent/TimeUnit$1 done
Event: 0.407 Loading class java/io/InvalidObjectException
Event: 0.407 Loading class java/io/ObjectStreamException
Event: 0.407 Loading class java/io/ObjectStreamException done
Event: 0.407 Loading class java/io/InvalidObjectException done
Event: 0.411 Loading class java/util/NoSuchElementException
Event: 0.411 Loading class java/util/NoSuchElementException done
Event: 0.421 Loading class java/lang/StrictMath
Event: 0.421 Loading class java/lang/StrictMath done

Classes unloaded (0 events):
No events

Classes redefined (0 events):
No events

Internal exceptions (10 events):
Event: 0.087 Thread 0x0000020513369760 Exception <a 'java/lang/NoSuchMethodError'{0x0000000712c74dd0}: 'java.lang.Object java.lang.invoke.DirectMethodHandle$Holder.invokeStaticInit(java.lang.Object)'> (0x0000000712c74dd0) 
thrown [s\src\hotspot\share\interpreter\linkResolver.cpp, line 771]
Event: 0.093 Thread 0x0000020513369760 Exception <a 'java/lang/NoSuchMethodError'{0x0000000712c83238}: 'void java.lang.invoke.DirectMethodHandle$Holder.invokeStatic(java.lang.Object, java.lang.Object)'> (0x0000000712c83238) 
thrown [s\src\hotspot\share\interpreter\linkResolver.cpp, line 771]
Event: 0.102 Thread 0x00000204b2f31660 Exception <a 'java/lang/NoSuchMethodError'{0x0000000712d07430}: 'int java.lang.invoke.DirectMethodHandle$Holder.invokeSpecial(java.lang.Object, java.lang.Object, java.lang.Object)'> (0x0000000712d07430) 
thrown [s\src\hotspot\share\interpreter\linkResolver.cpp, line 771]
Event: 0.144 Thread 0x00000204b2f31660 Exception <a 'java/lang/NullPointerException'{0x0000000712b85de8}> (0x0000000712b85de8) 
thrown [s\src\hotspot\share\interpreter\linkResolver.cpp, line 1364]
Event: 0.152 Thread 0x00000204b2f31660 Exception <a 'sun/nio/fs/WindowsException'{0x0000000712bac890}> (0x0000000712bac890) 
thrown [s\src\hotspot\share\prims\jni.cpp, line 531]
Event: 0.291 Thread 0x00000204b2f31660 Exception <a 'sun/nio/fs/WindowsException'{0x00000007128298a8}> (0x00000007128298a8) 
thrown [s\src\hotspot\share\prims\jni.cpp, line 531]
Event: 0.291 Thread 0x00000204b2f31660 Exception <a 'sun/nio/fs/WindowsException'{0x0000000712829e98}> (0x0000000712829e98) 
thrown [s\src\hotspot\share\prims\jni.cpp, line 531]
Event: 0.297 Thread 0x00000204b2f31660 Exception <a 'java/lang/NoSuchMethodError'{0x000000071287eed0}: 'void java.lang.invoke.DirectMethodHandle$Holder.invokeStaticInit(java.lang.Object, java.lang.Object)'> (0x000000071287eed0) 
thrown [s\src\hotspot\share\interpreter\linkResolver.cpp, line 771]
Event: 0.303 Thread 0x00000204b2f31660 Exception <a 'java/lang/NoSuchMethodError'{0x00000007128cd9a0}: 'void java.lang.invoke.DirectMethodHandle$Holder.invokeStatic(java.lang.Object, java.lang.Object, java.lang.Object)'> (0x00000007128cd9a0) 
thrown [s\src\hotspot\share\interpreter\linkResolver.cpp, line 771]
Event: 0.336 Thread 0x00000204b2f31660 Exception <a 'java/lang/NoSuchMethodError'{0x0000000712664420}: 'java.lang.Object java.lang.invoke.DirectMethodHandle$Holder.invokeSpecialIFC(java.lang.Object, java.lang.Object, java.lang.Object, java.lang.Object)'> (0x0000000712664420) 
thrown [s\src\hotspot\share\interpreter\linkResolver.cpp, line 771]

VM Operations (8 events):
Event: 0.061 Executing VM operation: HandshakeAllThreads
Event: 0.061 Executing VM operation: HandshakeAllThreads done
Event: 0.086 Executing VM operation: HandshakeAllThreads
Event: 0.087 Executing VM operation: HandshakeAllThreads done
Event: 0.144 Executing VM operation: HandshakeAllThreads
Event: 0.144 Executing VM operation: HandshakeAllThreads done
Event: 0.150 Executing VM operation: HandshakeAllThreads
Event: 0.150 Executing VM operation: HandshakeAllThreads done

Memory protections (0 events):
No events

Nmethod flushes (0 events):
No events

Events (20 events):
Event: 0.043 Thread 0x00000204b2f31660 Thread added: 0x0000020513150380
Event: 0.043 Thread 0x00000204b2f31660 Thread added: 0x0000020513151070
Event: 0.043 Thread 0x00000204b2f31660 Thread added: 0x0000020513152a40
Event: 0.044 Thread 0x00000204b2f31660 Thread added: 0x0000020513153350
Event: 0.056 Thread 0x00000204b2f31660 Thread added: 0x00000204d1f39f10
Event: 0.071 Loaded shared library C:\Users\Chirine Bouzouita\.jdks\jbr-17.0.14\bin\instrument.dll
Event: 0.075 Loaded shared library C:\Users\Chirine Bouzouita\.jdks\jbr-17.0.14\bin\net.dll
Event: 0.077 Loaded shared library C:\Users\Chirine Bouzouita\.jdks\jbr-17.0.14\bin\nio.dll
Event: 0.079 Loaded shared library C:\Users\Chirine Bouzouita\.jdks\jbr-17.0.14\bin\zip.dll
Event: 0.084 Loaded shared library C:\Program Files\JetBrains\IntelliJ IDEA 2024.3.2.1\bin\breakgen64.dll
Event: 0.085 Thread 0x00000204b2f31660 Thread added: 0x0000020513369760
Event: 0.085 Thread 0x00000204b2f31660 Thread added: 0x000002051336c060
Event: 0.091 Loaded shared library C:\Users\Chirine Bouzouita\.jdks\jbr-17.0.14\bin\extnet.dll
Event: 0.104 Thread 0x0000020513152a40 Thread added: 0x00000205133c1a80
Event: 0.146 Thread 0x00000204b2f31660 Thread added: 0x0000020513525d50
Event: 0.148 Loaded shared library C:\Users\Chirine Bouzouita\.jdks\jbr-17.0.14\bin\jimage.dll
Event: 0.153 Thread 0x0000020513525d50 Thread exited: 0x0000020513525d50
Event: 0.285 Loaded shared library C:\Users\Chirine Bouzouita\AppData\Local\Temp\jansi-2.4.1-39ec93651d3ded1b-jansi.dll
Event: 0.286 Thread 0x00000205133c1a80 Thread exited: 0x00000205133c1a80
Event: 0.334 Thread 0x0000020513151070 Thread added: 0x0000020513758320


Dynamic libraries:
0x00007ff7d2120000 - 0x00007ff7d212a000 	C:\Users\Chirine Bouzouita\.jdks\jbr-17.0.14\bin\java.exe
0x00007ffe478f0000 - 0x00007ffe47b07000 	C:\Windows\SYSTEM32\ntdll.dll
0x00007ffe2dfd0000 - 0x00007ffe2dfeb000 	C:\Program Files\Avast Software\Avast\aswhook.dll
0x00007ffe46990000 - 0x00007ffe46a54000 	C:\Windows\System32\KERNEL32.DLL
0x00007ffe44b20000 - 0x00007ffe44ef3000 	C:\Windows\System32\KERNELBASE.dll
0x00007ffe45370000 - 0x00007ffe45481000 	C:\Windows\System32\ucrtbase.dll
0x00007ffe400d0000 - 0x00007ffe400e7000 	C:\Users\Chirine Bouzouita\.jdks\jbr-17.0.14\bin\jli.dll
0x00007ffe400f0000 - 0x00007ffe4010b000 	C:\Users\Chirine Bouzouita\.jdks\jbr-17.0.14\bin\VCRUNTIME140.dll
0x00007ffe46270000 - 0x00007ffe46421000 	C:\Windows\System32\USER32.dll
0x00007ffe45490000 - 0x00007ffe454b6000 	C:\Windows\System32\win32u.dll
0x00007ffe2d770000 - 0x00007ffe2da0b000 	C:\Windows\WinSxS\amd64_microsoft.windows.common-controls_6595b64144ccf1df_6.0.22621.5262_none_2712bde373830908\COMCTL32.dll
0x00007ffe47670000 - 0x00007ffe47699000 	C:\Windows\System32\GDI32.dll
0x00007ffe45810000 - 0x00007ffe458b7000 	C:\Windows\System32\msvcrt.dll
0x00007ffe449f0000 - 0x00007ffe44b12000 	C:\Windows\System32\gdi32full.dll
0x00007ffe454f0000 - 0x00007ffe4558a000 	C:\Windows\System32\msvcp_win.dll
0x00007ffe477f0000 - 0x00007ffe47821000 	C:\Windows\System32\IMM32.DLL
0x00007ffe40120000 - 0x00007ffe4012c000 	C:\Users\Chirine Bouzouita\.jdks\jbr-17.0.14\bin\vcruntime140_1.dll
0x00007ffe40040000 - 0x00007ffe400cd000 	C:\Users\Chirine Bouzouita\.jdks\jbr-17.0.14\bin\msvcp140.dll
0x00007ffd9ebf0000 - 0x00007ffd9f87e000 	C:\Users\Chirine Bouzouita\.jdks\jbr-17.0.14\bin\server\jvm.dll
0x00007ffe470a0000 - 0x00007ffe47151000 	C:\Windows\System32\ADVAPI32.dll
0x00007ffe468e0000 - 0x00007ffe46987000 	C:\Windows\System32\sechost.dll
0x00007ffe454c0000 - 0x00007ffe454e8000 	C:\Windows\System32\bcrypt.dll
0x00007ffe45590000 - 0x00007ffe456a4000 	C:\Windows\System32\RPCRT4.dll
0x00007ffe47830000 - 0x00007ffe478a1000 	C:\Windows\System32\WS2_32.dll
0x00007ffe43880000 - 0x00007ffe438cd000 	C:\Windows\SYSTEM32\POWRPROF.dll
0x00007ffe40660000 - 0x00007ffe4066a000 	C:\Windows\SYSTEM32\VERSION.dll
0x00007ffe41220000 - 0x00007ffe41254000 	C:\Windows\SYSTEM32\WINMM.dll
0x00007ffe43860000 - 0x00007ffe43873000 	C:\Windows\SYSTEM32\UMPDC.dll
0x00007ffe43b20000 - 0x00007ffe43b38000 	C:\Windows\SYSTEM32\kernel.appcore.dll
0x00007ffe40030000 - 0x00007ffe4003a000 	C:\Users\Chirine Bouzouita\.jdks\jbr-17.0.14\bin\jimage.dll
0x00007ffe424b0000 - 0x00007ffe426e2000 	C:\Windows\SYSTEM32\DBGHELP.DLL
0x00007ffe471d0000 - 0x00007ffe47563000 	C:\Windows\System32\combase.dll
0x00007ffe47710000 - 0x00007ffe477e7000 	C:\Windows\System32\OLEAUT32.dll
0x00007ffe3c980000 - 0x00007ffe3c9b2000 	C:\Windows\SYSTEM32\dbgcore.DLL
0x00007ffe45180000 - 0x00007ffe451fb000 	C:\Windows\System32\bcryptPrimitives.dll
0x00007ffe40160000 - 0x00007ffe4016e000 	C:\Users\Chirine Bouzouita\.jdks\jbr-17.0.14\bin\instrument.dll
0x00007ffe2e2e0000 - 0x00007ffe2e305000 	C:\Users\Chirine Bouzouita\.jdks\jbr-17.0.14\bin\java.dll
0x00007ffe1b210000 - 0x00007ffe1b2e7000 	C:\Users\Chirine Bouzouita\.jdks\jbr-17.0.14\bin\jsvml.dll
0x00007ffe458c0000 - 0x00007ffe4615d000 	C:\Windows\System32\SHELL32.dll
0x00007ffe45040000 - 0x00007ffe4517f000 	C:\Windows\System32\wintypes.dll
0x00007ffe42940000 - 0x00007ffe4325d000 	C:\Windows\SYSTEM32\windows.storage.dll
0x00007ffe46160000 - 0x00007ffe4626b000 	C:\Windows\System32\SHCORE.dll
0x00007ffe476a0000 - 0x00007ffe47706000 	C:\Windows\System32\shlwapi.dll
0x00007ffe44920000 - 0x00007ffe4494b000 	C:\Windows\SYSTEM32\profapi.dll
0x00007ffe2e490000 - 0x00007ffe2e4a8000 	C:\Users\Chirine Bouzouita\.jdks\jbr-17.0.14\bin\zip.dll
0x00007ffe26080000 - 0x00007ffe26099000 	C:\Users\Chirine Bouzouita\.jdks\jbr-17.0.14\bin\net.dll
0x00007ffe40e00000 - 0x00007ffe40f2c000 	C:\Windows\SYSTEM32\WINHTTP.dll
0x00007ffe43fa0000 - 0x00007ffe4400a000 	C:\Windows\system32\mswsock.dll
0x00007ffe26060000 - 0x00007ffe26076000 	C:\Users\Chirine Bouzouita\.jdks\jbr-17.0.14\bin\nio.dll
0x00007ffe40140000 - 0x00007ffe4015a000 	C:\Program Files\JetBrains\IntelliJ IDEA 2024.3.2.1\bin\breakgen64.dll
0x00007ffe2e4f0000 - 0x00007ffe2e4f9000 	C:\Users\Chirine Bouzouita\.jdks\jbr-17.0.14\bin\extnet.dll
0x00007ffe24bd0000 - 0x00007ffe24bf4000 	C:\Users\Chirine Bouzouita\AppData\Local\Temp\jansi-2.4.1-39ec93651d3ded1b-jansi.dll
0x00007ffe23410000 - 0x00007ffe23420000 	C:\Users\Chirine Bouzouita\.jdks\jbr-17.0.14\bin\verify.dll

dbghelp: loaded successfully - version: 4.0.5 - missing functions: none
symbol engine: initialized successfully - sym options: 0x614 - pdb path: .;C:\Users\Chirine Bouzouita\.jdks\jbr-17.0.14\bin;C:\Windows\SYSTEM32;C:\Program Files\Avast Software\Avast;C:\Windows\WinSxS\amd64_microsoft.windows.common-controls_6595b64144ccf1df_6.0.22621.5262_none_2712bde373830908;C:\Users\Chirine Bouzouita\.jdks\jbr-17.0.14\bin\server;C:\Program Files\JetBrains\IntelliJ IDEA 2024.3.2.1\bin;C:\Users\Chirine Bouzouita\AppData\Local\Temp

VM Arguments:
jvm_args: -Dmaven.multiModuleProjectDirectory=C:\vendredi -Djansi.passthrough=true -Dmaven.home=C:\Program Files\JetBrains\IntelliJ IDEA 2024.3.2.1\plugins\maven\lib\maven3 -Dclassworlds.conf=C:\Program Files\JetBrains\IntelliJ IDEA 2024.3.2.1\plugins\maven\lib\maven3\bin\m2.conf -Dmaven.ext.class.path=C:\Program Files\JetBrains\IntelliJ IDEA 2024.3.2.1\plugins\maven\lib\maven-event-listener.jar -javaagent:C:\Program Files\JetBrains\IntelliJ IDEA 2024.3.2.1\lib\idea_rt.jar=52285:C:\Program Files\JetBrains\IntelliJ IDEA 2024.3.2.1\bin -Dfile.encoding=UTF-8 
java_command: org.codehaus.classworlds.Launcher -Didea.version=2024.3.2.1 org.openjfx:javafx-maven-plugin:0.0.8:run
java_class_path (initial): C:\Program Files\JetBrains\IntelliJ IDEA 2024.3.2.1\plugins\maven\lib\maven3\boot\plexus-classworlds-2.8.0.jar;C:\Program Files\JetBrains\IntelliJ IDEA 2024.3.2.1\plugins\maven\lib\maven3\boot\plexus-classworlds.license
Launcher Type: SUN_STANDARD

[Global flags]
     intx CICompilerCount                          = 4                                         {product} {ergonomic}
     uint ConcGCThreads                            = 3                                         {product} {ergonomic}
     uint G1ConcRefinementThreads                  = 10                                        {product} {ergonomic}
   size_t G1HeapRegionSize                         = 2097152                                   {product} {ergonomic}
    uintx GCDrainStackTargetSize                   = 64                                        {product} {ergonomic}
   size_t InitialHeapSize                          = 266338304                                 {product} {ergonomic}
   size_t MarkStackSize                            = 4194304                                   {product} {ergonomic}
   size_t MaxHeapSize                              = 4242538496                                {product} {ergonomic}
   size_t MaxNewSize                               = 2543845376                                {product} {ergonomic}
   size_t MinHeapDeltaBytes                        = 2097152                                   {product} {ergonomic}
   size_t MinHeapSize                              = 8388608                                   {product} {ergonomic}
    uintx NonNMethodCodeHeapSize                   = 5839372                                {pd product} {ergonomic}
    uintx NonProfiledCodeHeapSize                  = 122909434                              {pd product} {ergonomic}
    uintx ProfiledCodeHeapSize                     = 122909434                              {pd product} {ergonomic}
    uintx ReservedCodeCacheSize                    = 251658240                              {pd product} {ergonomic}
     bool SegmentedCodeCache                       = true                                      {product} {ergonomic}
   size_t SoftMaxHeapSize                          = 4242538496                             {manageable} {ergonomic}
     bool UseCompressedClassPointers               = true                           {product lp64_product} {ergonomic}
     bool UseCompressedOops                        = true                           {product lp64_product} {ergonomic}
     bool UseG1GC                                  = true                                      {product} {ergonomic}
     bool UseLargePagesIndividualAllocation        = false                                  {pd product} {ergonomic}

Logging:
Log output configuration:
 #0: stdout all=warning uptime,level,tags
 #1: stderr all=off uptime,level,tags

Environment Variables:
PATH=C:\oraclexe\app\oracle\product\11.2.0\server\bin;;C:\Program Files (x86)\VMware\VMware Workstation\bin\;C:\Windows\system32;C:\Windows;C:\Windows\System32\Wbem;C:\Windows\System32\WindowsPowerShell\v1.0\;C:\Windows\System32\OpenSSH\;C:\Users\Chirine Bouzouita\AppData\Local\Microsoft\WindowsApps;C:\Users\Chirine Bouzouita\AppData\Local\Programs\cursor\resources\app\bin
USERNAME=Chirine Bouzouita
OS=Windows_NT
PROCESSOR_IDENTIFIER=Intel64 Family 6 Model 158 Stepping 10, GenuineIntel
TMP=C:\Users\CHIRIN~1\AppData\Local\Temp
TEMP=C:\Users\CHIRIN~1\AppData\Local\Temp



Periodic native trim disabled

JNI global refs:
JNI global refs: 14, weak refs: 0

JNI global refs memory usage: 843, weak refs: 841

Process memory usage:
Resident Set Size: 83552K (0% of 16566560K total physical memory with 2819616K free physical memory)

OOME stack traces (most recent first):
Classloader memory used:
