#
# There is insufficient memory for the Java Runtime Environment to continue.
# Native memory allocation (mmap) failed to map 266338304 bytes. Error detail: G1 virtual space
# Possible reasons:
#   The system is out of physical RAM or swap space
#   This process is running with CompressedOops enabled, and the Java Heap may be blocking the growth of the native heap
# Possible solutions:
#   Reduce memory load on the system
#   Increase physical memory or swap space
#   Check if swap backing store is full
#   Decrease Java heap size (-Xmx/-Xms)
#   Decrease number of Java threads
#   Decrease Java thread stack sizes (-Xss)
#   Set larger code cache with -XX:ReservedCodeCacheSize=
#   JVM is running with Zero Based Compressed Oops mode in which the Java heap is
#     placed in the first 32GB address space. The Java Heap base address is the
#     maximum limit for the native heap growth. Please use -XX:HeapBaseMinAddress
#     to set the Java Heap base and to place the Java Heap above 32GB virtual address.
# This output file may be truncated or incomplete.
#
#  Out of Memory Error (os_windows.cpp:3830), pid=19132, tid=14448
#
# JRE version:  (17.0.14+1) (build )
# Java VM: OpenJDK 64-Bit Server VM (17.0.14+1-b1367.22, mixed mode, sharing, tiered, compressed oops, compressed class ptrs, g1 gc, windows-amd64)
# No core dump will be written. Minidumps are not enabled by default on client versions of Windows
#

---------------  S U M M A R Y ------------

Command Line: -Dmaven.multiModuleProjectDirectory=C:\vendredi -Djansi.passthrough=true -Dmaven.home=C:\Program Files\JetBrains\IntelliJ IDEA 2024.3.2.1\plugins\maven\lib\maven3 -Dclassworlds.conf=C:\Program Files\JetBrains\IntelliJ IDEA 2024.3.2.1\plugins\maven\lib\maven3\bin\m2.conf -Dmaven.ext.class.path=C:\Program Files\JetBrains\IntelliJ IDEA 2024.3.2.1\plugins\maven\lib\maven-event-listener.jar -javaagent:C:\Program Files\JetBrains\IntelliJ IDEA 2024.3.2.1\lib\idea_rt.jar=52182:C:\Program Files\JetBrains\IntelliJ IDEA 2024.3.2.1\bin -Dfile.encoding=UTF-8 org.codehaus.classworlds.Launcher -Didea.version=2024.3.2.1 org.openjfx:javafx-maven-plugin:0.0.8:run

Host: Intel(R) Core(TM) i7-8750H CPU @ 2.20GHz, 12 cores, 15G,  Windows 11 , 64 bit Build 22621 (10.0.22621.5262)
Time: Fri May  9 13:52:12 2025 Paris, Madrid (heure duild 22621 (10.0.22621.5262) elapsed time: 0.019229 seconds (0d 0h 0m 0s)

---------------  T H R E A D  ---------------

Current thread (0x0000029dfec9fe60):  JavaThread "Unknown thread" [_thread_in_vm, id=14448, stack(0x000000ee03b00000,0x000000ee03c00000)]

Stack: [0x000000ee03b00000,0x000000ee03c00000]
Native frames: (J=compiled Java code, j=interpreted, Vv=VM code, C=native code)
V  [jvm.dll+0x68b969]  os::platform_print_native_stack+0xd9  (os_windows_x86.cpp:235)
V  [jvm.dll+0x84572a]  VMError::report+0xc6a  (vmError.cpp:868)
V  [jvm.dll+0x8473ae]  VMError::report_and_die+0x78e  (vmError.cpp:1766)
V  [jvm.dll+0x847a13]  VMError::report_and_die+0x43  (vmError.cpp:1552)
V  [jvm.dll+0x24a83f]  report_vm_out_of_memory+0x8f  (debug.cpp:321)
V  [jvm.dll+0x688629]  os::pd_commit_memory_or_exit+0xc9  (os_windows.cpp:3838)
V  [jvm.dll+0x67cf3a]  os::commit_memory_or_exit+0x2a  (os.cpp:1768)
V  [jvm.dll+0x30b83b]  G1PageBasedVirtualSpace::commit+0x19b  (g1PageBasedVirtualSpace.cpp:204)
V  [jvm.dll+0x312d26]  G1RegionsLargerThanCommitSizeMapper::commit_regions+0x96  (g1RegionToSpaceMapper.cpp:100)
V  [jvm.dll+0x3630fe]  HeapRegionManager::expand_any+0xee  (heapRegionManager.cpp:363)
V  [jvm.dll+0x36333f]  HeapRegionManager::expand_by+0x7f  (heapRegionManager.cpp:380)
V  [jvm.dll+0x2e18cc]  G1CollectedHeap::expand+0xbc  (g1CollectedHeap.cpp:1292)
V  [jvm.dll+0x2e2824]  G1CollectedHeap::initialize+0x664  (g1CollectedHeap.cpp:1713)
V  [jvm.dll+0x815ffb]  universe_init+0xbb  (universe.cpp:737)
V  [jvm.dll+0x370e88]  init_globals+0x48  (init.cpp:131)
V  [jvm.dll+0x7f4875]  Threads::create_vm+0x5e5  (thread.cpp:2909)
V  [jvm.dll+0x3f54ef]  JNI_CreateJavaVM_inner+0x8f  (jni.cpp:3654)
V  [jvm.dll+0x3f70c1]  JNI_CreateJavaVM+0x11  (jni.cpp:3746)
C  [jli.dll+0x52ab]  JavaMain+0x113  (java.c:413)
C  [ucrtbase.dll+0x29333]
C  [KERNEL32.DLL+0x1259d]
C  [ntdll.dll+0x5af58]


---------------  P R O C E S S  ---------------

Threads class SMR info:
_java_thread_list=0x00007ff999829018, length=0, elements={
}

Java Threads: ( => current thread )

Other Threads:
  0x0000029dfed0d570 GCTaskThread "GC Thread#0" [stack: 0x000000ee03c00000,0x000000ee03d00000] [id=3104]
  0x0000029dfed1e9a0 ConcurrentGCThread "G1 Main Marker" [stack: 0x000000ee03d00000,0x000000ee03e00000] [id=15156]
  0x0000029dfed1fb60 ConcurrentGCThread "G1 Conc#0" [stack: 0x000000ee03e00000,0x000000ee03f00000] [id=20760]

[error occurred during error reporting (printing all threads), id 0xc0000005, EXCEPTION_ACCESS_VIOLATION (0xc0000005) at pc=0x00007ff998fd2197]

VM state: not at safepoint (not fully initialized)

VM Mutex/Monitor currently owned by a thread:  ([mutex/lock_event])
[0x0000029dfec9ab80] Heap_lock - owner thread: 0x0000029dfec9fe60

Heap address: 0x0000000703200000, size: 4046 MB, Compressed Oops mode: Zero based, Oop shift amount: 3

CDS archive(s) mapped at: [0x0000000000000000-0x0000000000000000-0x0000000000000000), size 0, SharedBaseAddress: 0x0000000800000000, ArchiveRelocationMode: 1.
Narrow klass base: 0x0000000000000000, Narrow klass shift: 0, Narrow klass range: 0x0

GC Precious Log:
<Empty>

Heap:
 garbage-first heap   total 0K, used 0K [0x0000000703200000, 0x0000000800000000)
  region size 2048K, 0 young (0K), 0 survivors (0K)
 Metaspace       used 0K, committed 0K, reserved 0K
  class space    used 0K, committed 0K, reserved 0K

Heap Regions: E=young(eden), S=young(survivor), O=old, HS=humongous(starts), HC=humongous(continues), CS=collection set, F=free, OA=open archive, CA=closed archive, TAMS=top-at-mark-start (previous, next)

Card table byte_map: [0x0000029d92730000,0x0000029d92f20000] _byte_map_base: 0x0000029d8ef17000

Marking Bits (Prev, Next): (CMBitMap*) 0x0000029dfed0e3a0, (CMBitMap*) 0x0000029dfed0e3e0
 Prev Bits: [0x0000029d93710000, 0x0000029d97648000)
 Next Bits: [0x0000029d97650000, 0x0000029d9b588000)

GC Heap History (0 events):
No events

Dll operation events (1 events):
Event: 0.008 Loaded shared library C:\Users\Chirine Bouzouita\.jdks\jbr-17.0.14\bin\java.dll

Deoptimization events (0 events):
No events

Classes loaded (0 events):
No events

Classes unloaded (0 events):
No events

Classes redefined (0 events):
No events

Internal exceptions (0 events):
No events

VM Operations (0 events):
No events

Memory protections (0 events):
No events

Nmethod flushes (0 events):
No events

Events (0 events):
No events


Dynamic libraries:
0x00007ff6f9340000 - 0x00007ff6f934a000 	C:\Users\Chirine Bouzouita\.jdks\jbr-17.0.14\bin\java.exe
0x00007ffa39af0000 - 0x00007ffa39d07000 	C:\Windows\SYSTEM32\ntdll.dll
0x00007ff9fa940000 - 0x00007ff9fa95b000 	C:\Program Files\Avast Software\Avast\aswhook.dll
0x00007ffa38750000 - 0x00007ffa38814000 	C:\Windows\System32\KERNEL32.DLL
0x00007ffa37330000 - 0x00007ffa37703000 	C:\Windows\System32\KERNELBASE.dll
0x00007ffa36c70000 - 0x00007ffa36d81000 	C:\Windows\System32\ucrtbase.dll
0x00007ff999a10000 - 0x00007ff999a2b000 	C:\Users\Chirine Bouzouita\.jdks\jbr-17.0.14\bin\VCRUNTIME140.dll
0x00007ff999a30000 - 0x00007ff999a47000 	C:\Users\Chirine Bouzouita\.jdks\jbr-17.0.14\bin\jli.dll
0x00007ffa38590000 - 0x00007ffa38741000 	C:\Windows\System32\USER32.dll
0x00007ffa22350000 - 0x00007ffa225eb000 	C:\Windows\WinSxS\amd64_microsoft.windows.common-controls_6595b64144ccf1df_6.0.22621.5262_none_2712bde373830908\COMCTL32.dll
0x00007ffa36d90000 - 0x00007ffa36db6000 	C:\Windows\System32\win32u.dll
0x00007ffa384e0000 - 0x00007ffa38587000 	C:\Windows\System32\msvcrt.dll
0x00007ffa393e0000 - 0x00007ffa39409000 	C:\Windows\System32\GDI32.dll
0x00007ffa36f30000 - 0x00007ffa37052000 	C:\Windows\System32\gdi32full.dll
0x00007ffa37060000 - 0x00007ffa370fa000 	C:\Windows\System32\msvcp_win.dll
0x00007ffa39280000 - 0x00007ffa392b1000 	C:\Windows\System32\IMM32.DLL
0x00007ff999a00000 - 0x00007ff999a0c000 	C:\Users\Chirine Bouzouita\.jdks\jbr-17.0.14\bin\vcruntime140_1.dll
0x00007ff999970000 - 0x00007ff9999fd000 	C:\Users\Chirine Bouzouita\.jdks\jbr-17.0.14\bin\msvcp140.dll
0x00007ff998ce0000 - 0x00007ff99996e000 	C:\Users\Chirine Bouzouita\.jdks\jbr-17.0.14\bin\server\jvm.dll
0x00007ffa377a0000 - 0x00007ffa37851000 	C:\Windows\System32\ADVAPI32.dll
0x00007ffa37a60000 - 0x00007ffa37b07000 	C:\Windows\System32\sechost.dll
0x00007ffa371c0000 - 0x00007ffa371e8000 	C:\Windows\System32\bcrypt.dll
0x00007ffa392c0000 - 0x00007ffa393d4000 	C:\Windows\System32\RPCRT4.dll
0x00007ffa39200000 - 0x00007ffa39271000 	C:\Windows\System32\WS2_32.dll
0x00007ffa35a80000 - 0x00007ffa35acd000 	C:\Windows\SYSTEM32\POWRPROF.dll
0x00007ffa2cff0000 - 0x00007ffa2d024000 	C:\Windows\SYSTEM32\WINMM.dll
0x00007ffa32c80000 - 0x00007ffa32c8a000 	C:\Windows\SYSTEM32\VERSION.dll
0x00007ffa35a60000 - 0x00007ffa35a73000 	C:\Windows\SYSTEM32\UMPDC.dll
0x00007ffa35d20000 - 0x00007ffa35d38000 	C:\Windows\SYSTEM32\kernel.appcore.dll
0x00007ff998cd0000 - 0x00007ff998cda000 	C:\Users\Chirine Bouzouita\.jdks\jbr-17.0.14\bin\jimage.dll
0x00007ffa346b0000 - 0x00007ffa348e2000 	C:\Windows\SYSTEM32\DBGHELP.DLL
0x00007ffa39710000 - 0x00007ffa39aa3000 	C:\Windows\System32\combase.dll
0x00007ffa39520000 - 0x00007ffa395f7000 	C:\Windows\System32\OLEAUT32.dll
0x00007ffa2f620000 - 0x00007ffa2f652000 	C:\Windows\SYSTEM32\dbgcore.DLL
0x00007ffa36bf0000 - 0x00007ffa36c6b000 	C:\Windows\System32\bcryptPrimitives.dll
0x00007ffa23a00000 - 0x00007ffa23a0e000 	C:\Users\Chirine Bouzouita\.jdks\jbr-17.0.14\bin\instrument.dll
0x00007ff998c90000 - 0x00007ff998cb5000 	C:\Users\Chirine Bouzouita\.jdks\jbr-17.0.14\bin\java.dll

dbghelp: loaded successfully - version: 4.0.5 - missing functions: none
symbol engine: initialized successfully - sym options: 0x614 - pdb path: .;C:\Users\Chirine Bouzouita\.jdks\jbr-17.0.14\bin;C:\Windows\SYSTEM32;C:\Program Files\Avast Software\Avast;C:\Windows\WinSxS\amd64_microsoft.windows.common-controls_6595b64144ccf1df_6.0.22621.5262_none_2712bde373830908;C:\Users\Chirine Bouzouita\.jdks\jbr-17.0.14\bin\server

VM Arguments:
jvm_args: -Dmaven.multiModuleProjectDirectory=C:\vendredi -Djansi.passthrough=true -Dmaven.home=C:\Program Files\JetBrains\IntelliJ IDEA 2024.3.2.1\plugins\maven\lib\maven3 -Dclassworlds.conf=C:\Program Files\JetBrains\IntelliJ IDEA 2024.3.2.1\plugins\maven\lib\maven3\bin\m2.conf -Dmaven.ext.class.path=C:\Program Files\JetBrains\IntelliJ IDEA 2024.3.2.1\plugins\maven\lib\maven-event-listener.jar -javaagent:C:\Program Files\JetBrains\IntelliJ IDEA 2024.3.2.1\lib\idea_rt.jar=52182:C:\Program Files\JetBrains\IntelliJ IDEA 2024.3.2.1\bin -Dfile.encoding=UTF-8 
java_command: org.codehaus.classworlds.Launcher -Didea.version=2024.3.2.1 org.openjfx:javafx-maven-plugin:0.0.8:run
java_class_path (initial): C:\Program Files\JetBrains\IntelliJ IDEA 2024.3.2.1\plugins\maven\lib\maven3\boot\plexus-classworlds-2.8.0.jar;C:\Program Files\JetBrains\IntelliJ IDEA 2024.3.2.1\plugins\maven\lib\maven3\boot\plexus-classworlds.license
Launcher Type: SUN_STANDARD

[Global flags]
     intx CICompilerCount                          = 4                                         {product} {ergonomic}
     uint ConcGCThreads                            = 3                                         {product} {ergonomic}
     uint G1ConcRefinementThreads                  = 10                                        {product} {ergonomic}
   size_t G1HeapRegionSize                         = 2097152                                   {product} {ergonomic}
    uintx GCDrainStackTargetSize                   = 64                                        {product} {ergonomic}
   size_t InitialHeapSize                          = 266338304                                 {product} {ergonomic}
   size_t MarkStackSize                            = 4194304                                   {product} {ergonomic}
   size_t MaxHeapSize                              = 4242538496                                {product} {ergonomic}
   size_t MinHeapDeltaBytes                        = 2097152                                   {product} {ergonomic}
   size_t MinHeapSize                              = 8388608                                   {product} {ergonomic}
    uintx NonNMethodCodeHeapSize                   = 5839372                                {pd product} {ergonomic}
    uintx NonProfiledCodeHeapSize                  = 122909434                              {pd product} {ergonomic}
    uintx ProfiledCodeHeapSize                     = 122909434                              {pd product} {ergonomic}
    uintx ReservedCodeCacheSize                    = 251658240                              {pd product} {ergonomic}
     bool SegmentedCodeCache                       = true                                      {product} {ergonomic}
   size_t SoftMaxHeapSize                          = 4242538496                             {manageable} {ergonomic}
     bool UseCompressedClassPointers               = true                           {product lp64_product} {ergonomic}
     bool UseCompressedOops                        = true                           {product lp64_product} {ergonomic}
     bool UseG1GC                                  = true                                      {product} {ergonomic}
     bool UseLargePagesIndividualAllocation        = false                                  {pd product} {ergonomic}

Logging:
Log output configuration:
 #0: stdout all=warning uptime,level,tags
 #1: stderr all=off uptime,level,tags

Environment Variables:
PATH=C:\oraclexe\app\oracle\product\11.2.0\server\bin;;C:\Program Files (x86)\VMware\VMware Workstation\bin\;C:\Windows\system32;C:\Windows;C:\Windows\System32\Wbem;C:\Windows\System32\WindowsPowerShell\v1.0\;C:\Windows\System32\OpenSSH\;C:\Users\Chirine Bouzouita\AppData\Local\Microsoft\WindowsApps;C:\Users\Chirine Bouzouita\AppData\Local\Programs\cursor\resources\app\bin
USERNAME=Chirine Bouzouita
OS=Windows_NT
PROCESSOR_IDENTIFIER=Intel64 Family 6 Model 158 Stepping 10, GenuineIntel
TMP=C:\Users\CHIRIN~1\AppData\Local\Temp
TEMP=C:\Users\CHIRIN~1\AppData\Local\Temp



Periodic native trim disabled

JNI global refs:
JNI global refs: 0, weak refs: 0

JNI global refs memory usage: 0, weak refs: 0

Process memory usage:
Resident Set Size: 46624K (0% of 16566560K total physical memory with 1852128K free physical memory)

OOME stack traces (most recent first):
Classloader memory used:


---------------  S Y S T E M  ---------------

OS:
 Windows 11 , 64 bit Build 22621 (10.0.22621.5262)
OS uptime: 2 days 17:23 hours

CPU: total 12 (initial active 12) (6 cores per cpu, 2 threads per core) family 6 model 158 stepping 10 microcode 0xde, cx8, cmov, fxsr, ht, mmx, 3dnowpref, sse, sse2, sse3, ssse3, sse4.1, sse4.2, popcnt, lzcnt, tsc, tscinvbit, avx, avx2, aes, erms, clmul, bmi1, bmi2, adx, fma, vzeroupper, clflush, clflushopt
Processor Information for all 12 processors :
  Max Mhz: 2208, Current Mhz: 2208, Mhz Limit: 2208

Memory: 4k page, system-wide physical 16178M (1808M free)
TotalPageFile size 31330M (AvailPageFile size 47M)
current process WorkingSet (physical memory assigned to process): 45M, peak: 45M
current process commit charge ("private bytes"): 98M, peak: 318M

vm_info: OpenJDK 64-Bit Server VM (17.0.14+1-b1367.22) for windows-amd64 JRE (17.0.14+1-b1367.22), built on 2025-01-30 by "builduser" with MS VC++ 16.10 / 16.11 (VS2019)

END.
